seed = 0
  1.282994
  0.858520
 -1.042885
 -0.463325
  0.412071
  0.848912
  0.785431
 -0.631360
 -0.910837
 -1.538640
  0.932019
  0.027373
  0.568267
  0.439740
 -0.376410
 -0.645963
  1.107227
  0.132229
  0.045060
  0.439291
Created 1000000000 normally distributed pseudo-random numbers...
X1: 0.000018 (Expected 0)
X2: 1.000053 (Expected 1)
X3: 0.000108 (Expected 0)
X4: 3.000266 (Expected 3)
X5: 0.001122 (Expected 0)
X6: 15.002044 (Expected 15)
X7: 0.018171 (Expected 0)
X8: 105.035968 (Expected 105)
