Lehmer64 pseudo-random number generator selected.
seed = 0
 -0.807280
  0.783209
 -0.490858
  0.388269
  0.043351
  0.056748
 -0.743750
 -1.898647
  0.046045
 -0.107271
  0.775103
 -0.437334
 -0.491779
  1.059737
  1.162110
 -0.857840
  0.230452
 -1.700886
 -0.543050
  0.100299
Created 1000000000 normally distributed pseudo-random numbers...
X1: -0.000009 (Expected 0)
X2: 1.000059 (Expected 1)
X3: -0.000008 (Expected 0)
X4: 3.000379 (Expected 3)
X5: -0.000017 (Expected 0)
X6: 15.004165 (Expected 15)
X7: 0.000318 (Expected 0)
X8: 105.056617 (Expected 105)
