seed = -9324
  1.208986
 -1.330801
  1.455248
  0.034948
 -0.260966
 -1.750872
  1.113315
  0.615151
  2.669863
 -2.276327
 -1.202202
 -0.636301
  0.618234
 -0.727401
 -1.396654
 -0.133703
 -0.489596
  2.307940
  0.556693
 -0.538630
Created 1000000000 normally distributed pseudo-random numbers...
X1: -0.000016 (Expected 0)
X2: 0.999948 (Expected 1)
X3: -0.000076 (Expected 0)
X4: 2.999958 (Expected 3)
X5: -0.000355 (Expected 0)
X6: 15.001913 (Expected 15)
X7: -0.000281 (Expected 0)
X8: 105.035508 (Expected 105)
