Splitmix64 activated.
  0.714197
 -1.785313
 -1.991893
 -1.053816
 -1.286819
 -0.226159
  0.059851
  0.920793
 -0.053109
 -1.084752
  1.661968
  1.061507
  0.582884
 -0.293546
  0.152505
  0.994013
 -1.496031
  0.454409
 -0.962026
 -0.105475
Created 1000000000 normally distributed pseudo-random numbers...
X1: -0.000052 (Expected 0)
X2: 1.000059 (Expected 1)
X3: -0.000295 (Expected 0)
X4: 3.000202 (Expected 3)
X5: -0.002456 (Expected 0)
X6: 15.000104 (Expected 15)
X7: -0.027789 (Expected 0)
X8: 104.988233 (Expected 105)
