seed = 12345
 -0.431457
 -0.247472
  1.171090
 -0.684915
  0.652051
  0.154723
 -0.111216
 -0.521462
  0.465400
  1.356854
  1.172528
  2.216684
  1.244653
  0.995946
  0.514362
  0.910599
  1.424108
 -1.218433
 -0.459557
  0.735854
Created 1000000000 normally distributed pseudo-random numbers...
X1: 0.000009 (Expected 0)
X2: 1.000001 (Expected 1)
X3: 0.000079 (Expected 0)
X4: 3.000035 (Expected 3)
X5: 0.001059 (Expected 0)
X6: 15.001845 (Expected 15)
X7: 0.015135 (Expected 0)
X8: 105.045231 (Expected 105)
