MELG19937 pseudo-random number generator selected.
seed = 0
  0.785281
 -0.286439
  0.564399
 -1.940360
  1.207587
  0.292152
  0.679359
 -0.505649
 -0.594823
 -0.057028
 -1.759408
  0.625096
 -0.333298
 -0.094127
  1.031640
 -1.531008
 -0.185387
  0.993853
  0.253156
 -0.085441
Created 1000000000 normally distributed pseudo-random numbers...
X1: -0.000008 (Expected 0)
X2: 0.999994 (Expected 1)
X3: -0.000118 (Expected 0)
X4: 2.999903 (Expected 3)
X5: -0.000881 (Expected 0)
X6: 14.999545 (Expected 15)
X7: -0.006751 (Expected 0)
X8: 105.000415 (Expected 105)
