MWC256 pseudo-random number generator selected.
seed = 0
  0.211847
  0.026473
 -0.814591
 -0.179927
  0.187755
  1.460840
  0.657087
  2.060725
  0.856242
 -1.587543
 -0.646931
  0.599682
 -0.788991
 -1.120452
  0.307883
 -0.648068
 -0.175304
  0.852831
  1.713209
  0.543038
Created 1000000000 normally distributed pseudo-random numbers...
X1: 0.000053 (Expected 0)
X2: 0.999998 (Expected 1)
X3: 0.000074 (Expected 0)
X4: 2.999960 (Expected 3)
X5: 0.000497 (Expected 0)
X6: 14.999724 (Expected 15)
X7: 0.008523 (Expected 0)
X8: 104.999741 (Expected 105)
