
************************************************************
*** Seed : 0
************************************************************
state: 0x1aa1b5345996452d09585eb7a69561e3
inc:   0x418ddadb3af71a82588133bc447873a9

15672045205194312304
10230625629676741203
1393141542142426128
6186804329743392408
11731200791580184074
593908079603723752
16906657996318114573
4942292156362687787
6282811449723952844
11452040163060472522

state: 0x17dc31a80de6e163b3daf55d548203c9
inc:   0x418ddadb3af71a82588133bc447873a9

>>> JUMP! (7 steps)

state: 0x4493a8fce72ae07cfcb0c95dac91564c
inc:   0x418ddadb3af71a82588133bc447873a9

17482442208820442508
14144034442387100730
5538133234897647908
5051092106776430310
14613120975515737102
5332911046126341159
1679622300564794668
11311220931804488694
7745916272527462757
2366265781316940229
************************************************************


************************************************************
*** Seed : 12345
************************************************************
state: 0x1905e0335aae96349199b0d09775add5
inc:   0xc9c7353e6e2b1f287d761f2d4027fae7

17193872397121361007
6225879447261284483
4002610872796635837
6506281922641356830
10147648032342742849
16291563099318681940
16386928929934799094
5595252491649564630
8117175315690381675
6073746230066033075

state: 0x916eee226ea56a682ceb4ecdd373f90f
inc:   0xc9c7353e6e2b1f287d761f2d4027fae7

>>> JUMP! (64738 steps)

state: 0x4533ea27d1400e7437b28d6107eff3f9
inc:   0xc9c7353e6e2b1f287d761f2d4027fae7

9505272937505364404
6571929813102533142
13958594004192383150
4006906744314987319
12833941511434028622
16869381549270333770
14472796870589503523
12352716269376450856
14877903046021565760
12084178038737929955
************************************************************

