Xoshiro256+ pseudo-random number generator selected.
seed = 0
  0.835603
  1.024366
 -0.862651
  0.633907
  0.157264
 -0.309481
  0.080810
  0.207944
  0.691670
 -0.997617
  0.328044
 -0.548951
 -0.051739
  0.311099
 -0.589213
 -0.038169
  0.510592
  0.478805
 -0.379853
 -0.382017
Created 1000000000 normally distributed pseudo-random numbers...
X1: -0.000037 (Expected 0)
X2: 1.000029 (Expected 1)
X3: -0.000106 (Expected 0)
X4: 3.000267 (Expected 3)
X5: -0.000783 (Expected 0)
X6: 15.002315 (Expected 15)
X7: -0.009727 (Expected 0)
X8: 105.004877 (Expected 105)
