------------------------------------------------------------------------
Name                              time                   mean       reps
------------------------------------------------------------------------
Warming up                      0.20 s      0.499966335061385  100000000
MWC256                          2.02 s      0.499999113678946 1000000000
Lehmer64                        1.93 s      0.499991240100718 1000000000
Xoshiro256+                     1.82 s      0.500000988475582 1000000000
MELG19937                       2.82 s      0.499992994773625 1000000000
ZIGNOR MWC256                   6.99 s   3.51278967376399e-05 1000000000
ZIGNOR Lehmer64                 6.90 s   9.76531810136464e-07 1000000000
ZIGNOR Xoshiro256+              6.96 s   3.51948053403410e-05 1000000000
ZIGNOR MELG19937                9.58 s  -4.49744996458742e-06 1000000000
ZIGNOR MWC256 (again)           7.04 s   3.51278967376399e-05 1000000000
------------------------------------------------------------------------
